// Jest Snapshot v1, https://goo.gl/fbAQLP

exports[`Comment component should render AddNewComment correctly 1`] = `
<div>
  <form
    id="addNewCommentForm"
    onSubmit={[Function]}
  >
    <label>
      Author:
    </label>
    <input
      className="inputField"
      name="author"
      onChange={[Function]}
      placeholder="Enter Name"
      type="text"
      value=""
    />
    <label>
      Comment:
    </label>
    <textarea
      className="textareaField"
      name="text"
      onChange={[Function]}
      placeholder="Type Something..."
      value=""
    />
    <input
      className="commentButton"
      type="submit"
      value="Add Comment"
    />
  </form>
</div>
`;
